weaver / reference / deduction: supported
weaver / reference / classification: supported
weaver / reference / temporal: supported
weaver / reference / constraint: entailed
weaver / reference / optimization: optimal
weaver / reference / abduction: hypotheses
weaver / reference / abduction_auto: hypotheses
weaver / reference / diagnosis: hypotheses
weaver / reference / association: candidates
weaver / reference / induction: patterns
weaver / reference / analogy: candidates
weaver / reference / planning: plan_found
weaver / reference / whatif: supported
weaver / reference / counterfactual: unknown
weaver / advanced / deduction: supported
weaver / advanced / classification: supported
weaver / advanced / temporal: supported
weaver / advanced / constraint: entailed
weaver / advanced / optimization: optimal
weaver / advanced / abduction: hypotheses
weaver / advanced / abduction_auto: hypotheses
weaver / advanced / diagnosis: hypotheses
weaver / advanced / association: candidates
weaver / advanced / induction: patterns
weaver / advanced / analogy: candidates
weaver / advanced / planning: plan_found
weaver / advanced / whatif: supported
weaver / advanced / counterfactual: unknown
holo / reference / deduction: supported
holo / reference / classification: supported
holo / reference / temporal: supported
holo / reference / constraint: entailed
holo / reference / optimization: optimal
holo / reference / abduction: hypotheses
holo / reference / abduction_auto: hypotheses
holo / reference / diagnosis: hypotheses
holo / reference / association: candidates
holo / reference / induction: patterns
holo / reference / analogy: candidates
holo / reference / planning: plan_found
holo / reference / whatif: supported
holo / reference / counterfactual: unknown
holo / advanced / deduction: supported
holo / advanced / classification: supported
holo / advanced / temporal: supported
holo / advanced / constraint: entailed
holo / advanced / optimization: optimal
holo / advanced / abduction: hypotheses
holo / advanced / abduction_auto: hypotheses
holo / advanced / diagnosis: hypotheses
holo / advanced / association: candidates
holo / advanced / induction: patterns
holo / advanced / analogy: candidates
holo / advanced / planning: plan_found
holo / advanced / whatif: supported
holo / advanced / counterfactual: unknown
sqlite / reference / deduction: supported
sqlite / reference / classification: supported
sqlite / reference / temporal: supported
sqlite / reference / constraint: entailed
sqlite / reference / optimization: optimal
sqlite / reference / abduction: hypotheses
sqlite / reference / abduction_auto: hypotheses
sqlite / reference / diagnosis: hypotheses
sqlite / reference / association: candidates
sqlite / reference / induction: patterns
sqlite / reference / analogy: candidates
sqlite / reference / planning: plan_found
sqlite / reference / whatif: supported
sqlite / reference / counterfactual: unknown
sqlite / advanced / deduction: supported
sqlite / advanced / classification: supported
sqlite / advanced / temporal: supported
sqlite / advanced / constraint: entailed
sqlite / advanced / optimization: optimal
sqlite / advanced / abduction: hypotheses
sqlite / advanced / abduction_auto: hypotheses
sqlite / advanced / diagnosis: hypotheses
sqlite / advanced / association: candidates
sqlite / advanced / induction: patterns
sqlite / advanced / analogy: candidates
sqlite / advanced / planning: plan_found
sqlite / advanced / whatif: supported
sqlite / advanced / counterfactual: unknown
scan / reference / deduction: supported
scan / reference / classification: supported
scan / reference / temporal: supported
scan / reference / constraint: entailed
scan / reference / optimization: optimal
scan / reference / abduction: hypotheses
scan / reference / abduction_auto: hypotheses
scan / reference / diagnosis: hypotheses
scan / reference / association: candidates
scan / reference / induction: patterns
scan / reference / analogy: candidates
scan / reference / planning: plan_found
scan / reference / whatif: supported
scan / reference / counterfactual: unknown
scan / advanced / deduction: supported
scan / advanced / classification: supported
scan / advanced / temporal: supported
scan / advanced / constraint: entailed
scan / advanced / optimization: optimal
scan / advanced / abduction: hypotheses
scan / advanced / abduction_auto: hypotheses
scan / advanced / diagnosis: hypotheses
scan / advanced / association: candidates
scan / advanced / induction: patterns
scan / advanced / analogy: candidates
scan / advanced / planning: plan_found
scan / advanced / whatif: supported
scan / advanced / counterfactual: unknown
hybrid / reference / deduction: supported
hybrid / reference / classification: supported
hybrid / reference / temporal: supported
hybrid / reference / constraint: entailed
hybrid / reference / optimization: optimal
hybrid / reference / abduction: hypotheses
hybrid / reference / abduction_auto: hypotheses
hybrid / reference / diagnosis: hypotheses
hybrid / reference / association: candidates
hybrid / reference / induction: patterns
hybrid / reference / analogy: candidates
hybrid / reference / planning: plan_found
hybrid / reference / whatif: supported
hybrid / reference / counterfactual: unknown
hybrid / advanced / deduction: supported
hybrid / advanced / classification: supported
hybrid / advanced / temporal: supported
hybrid / advanced / constraint: entailed
hybrid / advanced / optimization: optimal
hybrid / advanced / abduction: hypotheses
hybrid / advanced / abduction_auto: hypotheses
hybrid / advanced / diagnosis: hypotheses
hybrid / advanced / association: candidates
hybrid / advanced / induction: patterns
hybrid / advanced / analogy: candidates
hybrid / advanced / planning: plan_found
hybrid / advanced / whatif: supported
hybrid / advanced / counterfactual: unknown
Passed 140 executions
(node:4266) ExperimentalWarning: SQLite is an experimental feature and might change at any time
(Use `node --trace-warnings ...` to show where the warning was created)
